---
layout: post
title: "Mysql数据库系列五"
date: 2017-02-02  13:00:00
categories: ['数据库','Mysql']
---
```bash
友情提示:
该文章由作者QGUOFENG(http://qiuguofeng.com/)所写,欢迎指出错误一起学习
欢迎大家转载，借鉴，如果标明出处不胜感激
```

```bash
mysql> SELECT * FROM cms_user;
+----+-----------+--------------+-------------+------------+----------+-------+------+------+
| id | username  | password     | email       | regTime    | face     | proId | age  | sex  |
+----+-----------+--------------+-------------+------------+----------+-------+------+------+
|  1 | 张三      | zhangsan     | user@qq.com | 1419811708 | user.jpg |     1 |   21 | 男   |
|  2 | 张三丰    | zhangsanfeng | user@qq.com | 1419812708 | user.jpg |     2 |   31 | 女   |
|  3 | 章子怡    | zhangziyi    | user@qq.com | 1419813708 | user.jpg |     2 |   43 | 男   |
|  4 | long      | long         | user@qq.com | 1419814708 | user.jpg |     4 |   41 | 女   |
|  5 | ring      | ring         | user@qq.com | 1419815708 | user.jpg |     2 |   52 | 男   |
|  6 | queen     | queen        | user@qq.com | 1419861708 | user.jpg |     3 |   66 | 女   |
|  8 | blek      | blek         | user@qq.com | 1419818708 | user.jpg |     1 |   95 | 女   |
|  9 | test1     | test1        | user@qq.com | 1419811708 | user.jpg |     1 | NULL | 男   |
+----+-----------+--------------+-------------+------------+----------+-------+------+------+
8 rows in set (0.00 sec)

mysql> SELECT id,username,prOId FROM cms_user;
+----+-----------+-------+
| id | username  | prOId |
+----+-----------+-------+
|  1 | 张三      |     1 |
|  2 | 张三丰    |     2 |
|  3 | 章子怡    |     2 |
|  4 | long      |     4 |
|  5 | ring      |     2 |
|  6 | queen     |     3 |
|  8 | blek      |     1 |
|  9 | test1     |     1 |
+----+-----------+-------+
8 rows in set (0.00 sec)

mysql> DESC provinces;
+---------+---------------------+------+-----+---------+----------------+
| Field   | Type                | Null | Key | Default | Extra          |
+---------+---------------------+------+-----+---------+----------------+
| id      | tinyint(3) unsigned | NO   | PRI | NULL    | auto_increment |
| proName | varchar(10)         | NO   | UNI | NULL    |                |
+---------+---------------------+------+-----+---------+----------------+
2 rows in set (0.00 sec)

#查询cms_user id ,username
mysql> -- 查询cms_user id,username
mysql> -- provinces,proName
mysql> SELECT cms_user.id,username,proName FROM cms_user,provinces WHERE cms_user.proId=provinces.id;
+----+-----------+---------+
| id | username  | proName |
+----+-----------+---------+
|  1 | 张三      | 北京    |
|  2 | 张三丰    | 上海    |
|  3 | 章子怡    | 上海    |
|  4 | long      | 广州    |
|  5 | ring      | 上海    |
|  6 | queen     | 深圳    |
|  8 | blek      | 北京    |
|  9 | test1     | 北京    |
+----+-----------+---------+
8 rows in set (0.02 sec)

#内链接查询
#查询cms_user表中id,username,email,sex
#查询provinces表中的proName
mysql> SELECT u.id,u.username,u.email,u.sex,p.proName
    -> FROM cms_user AS u
    -> INNER JOIN provinces AS p
    -> ON u.proId=p.id;
+----+-----------+-------------+------+---------+
| id | username  | email       | sex  | proName |
+----+-----------+-------------+------+---------+
|  1 | 张三      | user@qq.com | 男   | 北京    |
|  2 | 张三丰    | user@qq.com | 女   | 上海    |
|  3 | 章子怡    | user@qq.com | 男   | 上海    |
|  4 | long      | user@qq.com | 女   | 广州    |
|  5 | ring      | user@qq.com | 男   | 上海    |
|  6 | queen     | user@qq.com | 女   | 深圳    |
|  8 | blek      | user@qq.com | 女   | 北京    |
|  9 | test1     | user@qq.com | 男   | 北京    |
+----+-----------+-------------+------+---------+
8 rows in set (0.00 sec)

#查询cms_user id,username,sex
#查询provinces proName
#条件是cms_user的性别为男的用户
mysql> SELECT u.id,u.username,u.sex,p.proName
    -> FROM cms_user AS u
    -> JOIN provinces AS p
    -> ON u.proId=p.id
    -> WHERE u.sex='男';

+----+-----------+------+---------+
| id | username  | sex  | proName |
+----+-----------+------+---------+
|  1 | 张三      | 男   | 北京    |
|  3 | 章子怡    | 男   | 上海    |
|  5 | ring      | 男   | 上海    |
|  9 | test1     | 男   | 北京    |
+----+-----------+------+---------+
4 rows in set (0.00 sec)

#查询cms_user id,username,sex
#查询provinces proName
#条件是cms_user的性别为男的用户
#根据proName分组
#总人数
mysql> SELECT u.id,u.username,u.sex,p.proName,COUNT(*) AS totalUsers
    -> FROM cms_user AS u
    -> JOIN provinces AS p
    -> ON u.proId=p.id
    -> WHERE u.sex='男'
    -> GROUP BY p.proName;
+----+-----------+------+---------+------------+
| id | username  | sex  | proName | totalUsers |
+----+-----------+------+---------+------------+
|  3 | 章子怡    | 男   | 上海    |          2 |
|  1 | 张三      | 男   | 北京    |          2 |
+----+-----------+------+---------+------------+
2 rows in set (0.00 sec)

mysql> DESC cms_news;
+----------+---------------------+------+-----+---------+----------------+
| Field    | Type                | Null | Key | Default | Extra          |
+----------+---------------------+------+-----+---------+----------------+
| id       | int(10) unsigned    | NO   | PRI | NULL    | auto_increment |
| title    | varchar(50)         | NO   | UNI | NULL    |                |
| content  | text                | YES  |     | NULL    |                |
| clickNum | int(10) unsigned    | YES  |     | 0       |                |
| pubTime  | int(10) unsigned    | YES  |     | NULL    |                |
| cId      | tinyint(3) unsigned | NO   |     | NULL    |                |
| aId      | tinyint(3) unsigned | NO   |     | NULL    |                |
+----------+---------------------+------+-----+---------+----------------+
7 rows in set (0.00 sec)

mysql> DESC cms_cate;
+----------+---------------------+------+-----+---------+----------------+
| Field    | Type                | Null | Key | Default | Extra          |
+----------+---------------------+------+-----+---------+----------------+
| id       | tinyint(3) unsigned | NO   | PRI | NULL    | auto_increment |
| cateName | varchar(50)         | NO   | UNI | NULL    |                |
| cateDesc | varchar(200)        | NO   |     |         |                |
+----------+---------------------+------+-----+---------+----------------+
3 rows in set (0.00 sec)

mysql> SELECT * FROM cms_news;
Empty set (0.00 sec)

mysql> SELECT * FROM cms_cate;
+----+--------------+-----------------------------------+
| id | cateName     | cateDesc                          |
+----+--------------+-----------------------------------+
|  1 | 国内新闻     | 聚焦当今最热的国内新闻            |
|  2 | 国际新闻     | 聚焦当今最热的国际新闻            |
|  3 | 体育新闻     | 聚焦当今最热的体育新闻            |
|  4 | 军事新闻     | 聚焦当今最热的军事新闻            |
|  5 | 教育新闻     | 聚焦当今最热的教育新闻            |
+----+--------------+-----------------------------------+
5 rows in set (0.00 sec)

#左外链接
mysql> -- 左外链接

mysql> SELECT u.id,u.username,u.email,u.sex
    -> FROM cms_user AS u
    -> LEFT JOIN provinces AS p
    -> ON u.proId=p.id;
+----+-----------+-------------+------+
| id | username  | email       | sex  |
+----+-----------+-------------+------+
|  1 | 张三      | user@qq.com | 男   |
|  2 | 张三丰    | user@qq.com | 女   |
|  3 | 章子怡    | user@qq.com | 男   |
|  4 | long      | user@qq.com | 女   |
|  5 | ring      | user@qq.com | 男   |
|  6 | queen     | user@qq.com | 女   |
|  8 | blek      | user@qq.com | 女   |
|  9 | test1     | user@qq.com | 男   |
+----+-----------+-------------+------+
8 rows in set (0.00 sec)

#左外链接

mysql> SELECT u.id,u.username,u.email,u.sex,p.proName
    -> FROM cms_user AS u
    -> LEFT JOIN provinces AS p
    -> ON u.proId=p.id;
+----+-----------+-------------+------+---------+
| id | username  | email       | sex  | proName |
+----+-----------+-------------+------+---------+
|  1 | 张三      | user@qq.com | 男   | 北京    |
|  2 | 张三丰    | user@qq.com | 女   | 上海    |
|  3 | 章子怡    | user@qq.com | 男   | 上海    |
|  4 | long      | user@qq.com | 女   | 广州    |
|  5 | ring      | user@qq.com | 男   | 上海    |
|  6 | queen     | user@qq.com | 女   | 深圳    |
|  8 | blek      | user@qq.com | 女   | 北京    |
|  9 | test1     | user@qq.com | 男   | 北京    |
+----+-----------+-------------+------+---------+
8 rows in set (0.00 sec)

#右外链接

mysql> SELECT u.id,u.username,u.email,u.sex,p.proName
    -> FROM cms_user AS u
    -> RIGHT JOIN provinces AS p
    -> ON u.proId=p.id;
+------+-----------+-------------+------+---------+
| id   | username  | email       | sex  | proName |
+------+-----------+-------------+------+---------+
|    1 | 张三      | user@qq.com | 男   | 北京    |
|    2 | 张三丰    | user@qq.com | 女   | 上海    |
|    3 | 章子怡    | user@qq.com | 男   | 上海    |
|    4 | long      | user@qq.com | 女   | 广州    |
|    5 | ring      | user@qq.com | 男   | 上海    |
|    6 | queen     | user@qq.com | 女   | 深圳    |
|    8 | blek      | user@qq.com | 女   | 北京    |
|    9 | test1     | user@qq.com | 男   | 北京    |
| NULL | NULL      | NULL        | NULL | 重庆    |
+------+-----------+-------------+------+---------+
9 rows in set (0.03 sec)

#创建部门表department(主表）
#id depName depDesc
mysql> -- id depName depDesc
mysql> 
mysql> CREATE TABLE IF NOT EXISTS department(
    -> id TINYINT UNSIGNED AUTO_INCREMENT KEY,
    -> depName VARCHAR(20) NOT NULL UNIQUE
    -> )ENGINE=INNODB;
Query OK, 0 rows affected, 1 warning (0.00 sec)

mysql> SHOW TABLES;
+---------------+
| Tables_in_cms |
+---------------+
| cms_admin     |
| cms_cate      |
| cms_news      |
| cms_user      |
| department    |
| employee      |
| provinces     |
+---------------+
7 rows in set (0.00 sec)

mysql> DESC department;
+---------+---------------------+------+-----+---------+----------------+
| Field   | Type                | Null | Key | Default | Extra          |
+---------+---------------------+------+-----+---------+----------------+
| id      | tinyint(3) unsigned | NO   | PRI | NULL    | auto_increment |
| depName | varchar(20)         | NO   | UNI | NULL    |                |
+---------+---------------------+------+-----+---------+----------------+
2 rows in set (0.00 sec)
mysql> INSERT department(depName) VALUES('教学部');
mysql> INSERT department(depName) VALUES
    -> ('市场部'),
    -> ('运营部'),
    -> ('督导部');
Query OK, 3 rows affected (0.06 sec)
Records: 3  Duplicates: 0  Warnings: 0

mysql> SELECT * FROM department;
+----+-----------+
| id | depName   |
+----+-----------+
|  2 | 市场部    |
|  1 | 教学部    |
|  4 | 督导部    |
|  3 | 运营部    |
+----+-----------+
4 rows in set (0.00 sec)

#创建员工表employee(子表)

mysql> -- id,username,depId
mysql> CREATE TABLE IF NOT EXISTS employee(
    -> id SMALLINT UNSIGNED AUTO_INCREMENT KEY,
    -> username VARCHAR(20) NOT NULL UNIQUE,
    -> depId TINYINT UNSIGNED
    -> )ENGINE=INNODB;
Query OK, 0 rows affected (0.38 sec)

mysql> INSERT employee(username,depID) VALUES('KING',1),
    -> ('QUEEN',2),
    -> ('DOUBLE',3),
    -> ('HAHAHA',4),
    -> ('QQQQQ',5);
Query OK, 5 rows affected (0.06 sec)
Records: 5  Duplicates: 0  Warnings: 0

mysql> SELECT * FROM employee;
+----+----------+-------+
| id | username | depId |
+----+----------+-------+
|  1 | KING     |     1 |
|  2 | QUEEN    |     2 |
|  3 | DOUBLE   |     3 |
|  4 | HAHAHA   |     4 |
|  5 | QQQQQ    |     5 |
+----+----------+-------+
5 rows in set (0.00 sec)

mysql> SELECT e.id,e.username,d.depName FROM
    -> employee AS e
    -> JOIN department AS d
    -> ON e.id=d.id;
+----+----------+-----------+
| id | username | depName   |
+----+----------+-----------+
|  2 | QUEEN    | 市场部    |
|  1 | KING     | 教学部    |
|  4 | HAHAHA   | 督导部    |
|  3 | DOUBLE   | 运营部    |
+----+----------+-----------+
4 rows in set (0.00 sec)

mysql>  DROP TABLE department;
Query OK, 0 rows affected (0.21 sec)

mysql> DROP TABLE employee;
Query OK, 0 rows affected (0.18 sec)

#创建部门表department(主表）

mysql> -- id depName depDesc
mysql> 
mysql> CREATE TABLE IF NOT EXISTS department(
    -> id TINYINT UNSIGNED AUTO_INCREMENT KEY,
    -> depName VARCHAR(20) NOT NULL UNIQUE
    -> )ENGINE=INNODB;
Query OK, 0 rows affected, 1 warning (0.04 sec)

mysql> SHOW WARNINGS;
+-------+------+-----------------------------------+
| Level | Code | Message                           |
+-------+------+-----------------------------------+
| Note  | 1050 | Table 'department' already exists |
+-------+------+-----------------------------------+
1 row in set (0.00 sec)

mysql> DESC department;
+---------+---------------------+------+-----+---------+----------------+
| Field   | Type                | Null | Key | Default | Extra          |
+---------+---------------------+------+-----+---------+----------------+
| id      | tinyint(3) unsigned | NO   | PRI | NULL    | auto_increment |
| depName | varchar(20)         | NO   | UNI | NULL    |                |
+---------+---------------------+------+-----+---------+----------------+
2 rows in set (0.00 sec)

mysql> SELECT * FROM department;
+----+-----------+
| id | depName   |
+----+-----------+
|  2 | 市场部    |
|  1 | 教学部    |
|  4 | 督导部    |
|  3 | 运营部    |
+----+-----------+
4 rows in set (0.00 sec)

#创建员工表employee(子表)
#指定外键
mysql> -- id,username,depId
mysql> CREATE TABLE IF NOT EXISTS employee(
    -> id SMALLINT UNSIGNED AUTO_INCREMENT KEY,
    -> username VARCHAR(20) NOT NULL UNIQUE,
    -> depId TINYINT UNSIGNED,
    -> FOREIGN KEY(depId) REFERENCES department(id)
    -> )ENGINE=INNODB;
Query OK, 0 rows affected (0.40 sec)

mysql> INSERT employee(username,depId) VALUES('KING',1),
    -> ('QUEEN',2),('KKKK',3),('KJKJK',4);
Query OK, 4 rows affected (0.13 sec)
Records: 4  Duplicates: 0  Warnings: 0

mysql> DESC employee;
+----------+----------------------+------+-----+---------+----------------+
| Field    | Type                 | Null | Key | Default | Extra          |
+----------+----------------------+------+-----+---------+----------------+
| id       | smallint(5) unsigned | NO   | PRI | NULL    | auto_increment |
| username | varchar(20)          | NO   | UNI | NULL    |                |
| depId    | tinyint(3) unsigned  | YES  | MUL | NULL    |                |
+----------+----------------------+------+-----+---------+----------------+
3 rows in set (0.01 sec)

mysql> SHOW CREATE TABLE employee;
+----------+----------------------------------------------------------------------------------------------------------------------------------------------------------------------------------------------------------------------------------------------------------------------------------------------------------------------------------------------------------------------------------------------+
| Table    | Create Table                                                                                                                                                                                                                                                                                                                                                                                 |
+----------+----------------------------------------------------------------------------------------------------------------------------------------------------------------------------------------------------------------------------------------------------------------------------------------------------------------------------------------------------------------------------------------------+
| employee | CREATE TABLE `employee` (
  `id` smallint(5) unsigned NOT NULL AUTO_INCREMENT,
  `username` varchar(20) NOT NULL,
  `depId` tinyint(3) unsigned DEFAULT NULL,
  PRIMARY KEY (`id`),
  UNIQUE KEY `username` (`username`),
  KEY `depId` (`depId`),
  CONSTRAINT `employee_ibfk_1` FOREIGN KEY (`depId`) REFERENCES `department` (`id`)
) ENGINE=InnoDB AUTO_INCREMENT=5 DEFAULT CHARSET=utf8 |
+----------+----------------------------------------------------------------------------------------------------------------------------------------------------------------------------------------------------------------------------------------------------------------------------------------------------------------------------------------------------------------------------------------------+
1 row in set (0.00 sec)

#删除主表记录,删除失败
#应删除子表记录，在删除主表记录
mysql> DELETE FROM department WHERE id=1;
ERROR 1451 (23000): Cannot delete or update a parent row: a foreign key constraint fails (`cms`.`employee`, CONSTRAINT `employee_ibfk_1` FOREIGN KEY (`depId`) REFERENCES `department` (`id`))
mysql> SELECT * FROM department;
+----+-----------+
| id | depName   |
+----+-----------+
|  2 | 市场部    |
|  1 | 教学部    |
|  4 | 督导部    |
|  3 | 运营部    |
+----+-----------+
4 rows in set (0.00 sec)

mysql> SELECT * FROM employee;
+----+----------+-------+
| id | username | depId |
+----+----------+-------+
|  1 | KING     |     1 |
|  2 | QUEEN    |     2 |
|  3 | KKKK     |     3 |
|  4 | KJKJK    |     4 |
+----+----------+-------+
4 rows in set (0.00 sec)

#先删除employee表中属于1部门的人

mysql> DELETE FROM empolyee WHERE depId=1;
ERROR 1146 (42S02): Table 'cms.empolyee' doesn't exist
mysql> DELETE FROM employee WHERE depId=1;
Query OK, 1 row affected (0.06 sec)

#再删除主表记录

mysql> DELETE FROM department WHERE id=1;
Query OK, 1 row affected (0.07 sec)

mysql> SELECT * FROM department;
+----+-----------+
| id | depName   |
+----+-----------+
|  2 | 市场部    |
|  4 | 督导部    |
|  3 | 运营部    |
+----+-----------+
3 rows in set (0.00 sec)

mysql> SELECT * FROM employee;
+----+----------+-------+
| id | username | depId |
+----+----------+-------+
|  2 | QUEEN    |     2 |
|  3 | KKKK     |     3 |
|  4 | KJKJK    |     4 |
+----+----------+-------+
3 rows in set (0.00 sec)

mysql> DROP TABLE employee;
Query OK, 0 rows affected (0.22 sec)

#创建员工表employee(子表)
#id,username,depId
#创建表的时候创建外键,并且指定外键名称
mysql> CREATE TABLE IF NOT EXISTS employee(
    -> id SMALLINT UNSIGNED AUTO_INCREMENT KEY,
    -> username VARCHAR(20) NOT NULL UNIQUE,
    -> depId TINYINT UNSIGNED,
    -> CONSTRAINT emp_fk_dep FOREIGN KEY(depId) REFERENCES department(id) 
    -> )ENGINE=INNODB;
Query OK, 0 rows affected (0.41 sec)

mysql> SHOW CREATE TABLE employee;
| employee | CREATE TABLE `employee` (
  `id` smallint(5) unsigned NOT NULL AUTO_INCREMENT,
  `username` varchar(20) NOT NULL,
  `depId` tinyint(3) unsigned DEFAULT NULL,
  PRIMARY KEY (`id`),
  UNIQUE KEY `username` (`username`),
  KEY `emp_fk_dep` (`depId`),
  CONSTRAINT `emp_fk_dep` FOREIGN KEY (`depId`) REFERENCES `department` (`id`)
) ENGINE=InnoDB DEFAULT CHARSET=utf8 |
1 row in set (0.00 sec)

#删除外键

mysql> ALTER TABLE employee DROP FOREIGN KEY emp_fk_dep;
Query OK, 0 rows affected (0.10 sec)
Records: 0  Duplicates: 0  Warnings: 0

mysql> SHOW CREATE TABLE employee;
| Table    | Create Table         
| employee | CREATE TABLE `employee` (
  `id` smallint(5) unsigned NOT NULL AUTO_INCREMENT,
  `username` varchar(20) NOT NULL,
  `depId` tinyint(3) unsigned DEFAULT NULL,
  PRIMARY KEY (`id`),
  UNIQUE KEY `username` (`username`),
  KEY `emp_fk_dep` (`depId`)
) ENGINE=InnoDB DEFAULT CHARSET=utf8 |
1 row in set (0.00 sec)

mysql> DESC employee;
+----------+----------------------+------+-----+---------+----------------+
| Field    | Type                 | Null | Key | Default | Extra          |
+----------+----------------------+------+-----+---------+----------------+
| id       | smallint(5) unsigned | NO   | PRI | NULL    | auto_increment |
| username | varchar(20)          | NO   | UNI | NULL    |                |
| depId    | tinyint(3) unsigned  | YES  | MUL | NULL    |                |
+----------+----------------------+------+-----+---------+----------------+
3 rows in set (0.00 sec)

#添加外键

mysql> ALTER TABLE employee ADD CONSTRAINT emp_fk_dep FOREIGN KEY(depId) REFERENCES department(id);
Query OK, 0 rows affected (0.85 sec)
Records: 0  Duplicates: 0  Warnings: 0

mysql> SHOW CREATE TABLE employee;
+----------+-----------------------------------------------------------------------------------------------------------------------------------------------------------------------------------------------------------------------------------------------------------------------------------------------------------------------------------------------------------------------------+
| Table    | Create Table                                                                                                                                                                                                                                                                                                                                                                |
+----------+-----------------------------------------------------------------------------------------------------------------------------------------------------------------------------------------------------------------------------------------------------------------------------------------------------------------------------------------------------------------------------+
| employee | CREATE TABLE `employee` (
  `id` smallint(5) unsigned NOT NULL AUTO_INCREMENT,
  `username` varchar(20) NOT NULL,
  `depId` tinyint(3) unsigned DEFAULT NULL,
  PRIMARY KEY (`id`),
  UNIQUE KEY `username` (`username`),
  KEY `emp_fk_dep` (`depId`),
  CONSTRAINT `emp_fk_dep` FOREIGN KEY (`depId`) REFERENCES `department` (`id`)
) ENGINE=InnoDB DEFAULT CHARSET=utf8 |
+----------+-----------------------------------------------------------------------------------------------------------------------------------------------------------------------------------------------------------------------------------------------------------------------------------------------------------------------------------------------------------------------------+
1 row in set (0.00 sec)

mysql> DROP TABLE employee;
Query OK, 0 rows affected (0.21 sec)

#创建员工表employee(子表)
#id,username,depId
#创建表的时候创建外键,并且指定外键名称,同时设置级联删除CASCADE（数据同时删除，更新

mysql> CREATE TABLE IF NOT EXISTS employee(
    -> id SMALLINT UNSIGNED AUTO_INCREMENT KEY,
    -> username VARCHAR(20) NOT NULL UNIQUE,
    -> depId TINYINT UNSIGNED,
    -> CONSTRAINT emp_fk_dep FOREIGN KEY(depId) REFERENCES department(id) ON DELETE CASCADE
    -> )ENGINE=INNODB;
Query OK, 0 rows affected (0.45 sec)

mysql> SELECT * FROM department;
+----+-----------+
| id | depName   |
+----+-----------+
|  2 | 市场部    |
|  4 | 督导部    |
|  3 | 运营部    |
+----+-----------+
3 rows in set (0.00 sec)

mysql> INSERT department(id,depName) VALUES(1,'教学部');

Query OK, 1 row affected (0.07 sec)

mysql> SELECT * FROM department;
+----+-----------+
| id | depName   |
+----+-----------+
|  2 | 市场部    |
|  1 | 教学部    |
|  4 | 督导部    |
|  3 | 运营部    |
+----+-----------+
4 rows in set (0.00 sec)

mysql> SHOW CREATE TABLE employee;
+----------+-----------------------------------------------------------------------------------------------------------------------------------------------------------------------------------------------------------------------------------------------------------------------------------------------------------------------------------------------------------------------------------------------+
| Table    | Create Table                                                                                                                                                                                                                                                                                                                                                                                  |
+----------+-----------------------------------------------------------------------------------------------------------------------------------------------------------------------------------------------------------------------------------------------------------------------------------------------------------------------------------------------------------------------------------------------+
| employee | CREATE TABLE `employee` (
  `id` smallint(5) unsigned NOT NULL AUTO_INCREMENT,
  `username` varchar(20) NOT NULL,
  `depId` tinyint(3) unsigned DEFAULT NULL,
  PRIMARY KEY (`id`),
  UNIQUE KEY `username` (`username`),
  KEY `emp_fk_dep` (`depId`),
  CONSTRAINT `emp_fk_dep` FOREIGN KEY (`depId`) REFERENCES `department` (`id`) ON DELETE CASCADE
) ENGINE=InnoDB DEFAULT CHARSET=utf8 |
+----------+-----------------------------------------------------------------------------------------------------------------------------------------------------------------------------------------------------------------------------------------------------------------------------------------------------------------------------------------------------------------------------------------------+
1 row in set (0.00 sec)

mysql> SELECT * FROM employee;
Empty set (0.00 sec)

mysql> INSERT employee(username,depId) VALUES('KING',1),
    -> ('QUEEN',2),('KKKK',3),('KJKJK',4);
Query OK, 4 rows affected (0.07 sec)
Records: 4  Duplicates: 0  Warnings: 0

mysql> SELECT * FROM employee;
+----+----------+-------+
| id | username | depId |
+----+----------+-------+
|  1 | KING     |     1 |
|  2 | QUEEN    |     2 |
|  3 | KKKK     |     3 |
|  4 | KJKJK    |     4 |
+----+----------+-------+
4 rows in set (0.00 sec)

#删除部门（主表）中的部门1,employee(子表) 中的记录同时删除

mysql> 
mysql> DELETE FROM department WHERE id=1;
Query OK, 1 row affected (0.06 sec)

mysql> SELECT * FROM department;
+----+-----------+
| id | depName   |
+----+-----------+
|  2 | 市场部    |
|  4 | 督导部    |
|  3 | 运营部    |
+----+-----------+
3 rows in set (0.00 sec)

mysql> SELECT * FROM employee;
+----+----------+-------+
| id | username | depId |
+----+----------+-------+
|  2 | QUEEN    |     2 |
|  3 | KKKK     |     3 |
|  4 | KJKJK    |     4 |
+----+----------+-------+
3 rows in set (0.00 sec)

mysql> DROP TABLE employee;
Query OK, 0 rows affected (0.20 sec)

#更新部门中的部门号，子表中的记录同时更新

mysql> UPDATE department SET id=id+10;
Query OK, 3 rows affected (0.08 sec)
Rows matched: 3  Changed: 3  Warnings: 0

mysql> SELECT * FROM department;
+----+-----------+
| id | depName   |
+----+-----------+
| 12 | 市场部    |
| 14 | 督导部    |
| 13 | 运营部    |
+----+-----------+
3 rows in set (0.00 sec)

mysql> SELECT * FROM employee;
Empty set (0.00 sec)

mysql> UPDATE department SET id=id-10;
Query OK, 3 rows affected (0.16 sec)
Rows matched: 3  Changed: 3  Warnings: 0

mysql> SELECT * FROM department;
+----+-----------+
| id | depName   |
+----+-----------+
|  2 | 市场部    |
|  4 | 督导部    |
|  3 | 运营部    |
+----+-----------+
3 rows in set (0.00 sec)

mysql> INSERT employee(username,depId) VALUES('QUEEN',2),('KKKK',3),('KJKJK',4);
Query OK, 3 rows affected (0.07 sec)
Records: 3  Duplicates: 0  Warnings: 0

mysql> SELECT * FROM employee;
+----+----------+-------+
| id | username | depId |
+----+----------+-------+
|  5 | QUEEN    |     2 |
|  6 | KKKK     |     3 |
|  7 | KJKJK    |     4 |
+----+----------+-------+
3 rows in set (0.00 sec)

mysql> UPDATE department SET id=id+10;
Query OK, 3 rows affected (0.07 sec)
Rows matched: 3  Changed: 3  Warnings: 0

mysql> SELECT * FROM employee;
+----+----------+-------+
| id | username | depId |
+----+----------+-------+
|  5 | QUEEN    |    12 |
|  6 | KKKK     |    13 |
|  7 | KJKJK    |    14 |
+----+----------+-------+
3 rows in set (0.00 sec)

mysql> DROP TABLE employee;
Query OK, 0 rows affected (0.23 sec)

#创建员工表employee(子表)
#id,username,depId
#创建表的时候创建外键,并且指定外键名称,同时设置SET NULL
mysql> CREATE TABLE IF NOT EXISTS employee(
    -> id SMALLINT UNSIGNED AUTO_INCREMENT KEY,
    -> username VARCHAR(20) NOT NULL UNIQUE,
    -> depId TINYINT UNSIGNED,
    -> CONSTRAINT emp_fk_dep FOREIGN KEY(depId) REFERENCES department(id) ON DELETE SET NULL ON UPDATE SET NULL
    -> )ENGINE=INNODB;
Query OK, 0 rows affected (0.69 sec)

mysql> INSERT employee(username,depId) VALUES('QUEEN',12),('KKKK',13),('KJKJK',14);
Query OK, 3 rows affected (0.08 sec)
Records: 3  Duplicates: 0  Warnings: 0

mysql> SELECT * FROM employee;
+----+----------+-------+
| id | username | depId |
+----+----------+-------+
|  8 | QUEEN    |    12 |
|  9 | KKKK     |    13 |
| 10 | KJKJK    |    14 |
+----+----------+-------+
3 rows in set (0.00 sec)

mysql> SELECT * FROM department;
+----+-----------+
| id | depName   |
+----+-----------+
| 12 | 市场部    |
| 14 | 督导部    |
| 13 | 运营部    |
+----+-----------+
3 rows in set (0.00 sec)

#删除部门12,同时子表中的部门被设置为NULL

mysql> DELETE FROM department WHERE id=12;
Query OK, 1 row affected (0.06 sec)

mysql> SELECT * FROM employee;
+----+----------+-------+
| id | username | depId |
+----+----------+-------+
|  8 | QUEEN    |  NULL |
|  9 | KKKK     |    13 |
| 10 | KJKJK    |    14 |
+----+----------+-------+
3 rows in set (0.00 sec)

#更新部门中的部门号，同时子表中的部门被设置为NULL

mysql> UPDATE department SET id=id+10;
Query OK, 2 rows affected (0.18 sec)
Rows matched: 2  Changed: 2  Warnings: 0

mysql> SELECT * FROM employee;
+----+----------+-------+
| id | username | depId |
+----+----------+-------+
|  8 | QUEEN    |  NULL |
|  9 | KKKK     |  NULL |
| 10 | KJKJK    |  NULL |
+----+----------+-------+
3 rows in set (0.00 sec)

mysql> SELECT username FROM employee;
+----------+
| username |
+----------+
| KJKJK    |
| KKKK     |
| QUEEN    |
+----------+
3 rows in set (0.00 sec)

mysql> SELECT username FROM cms_user;
+-----------+
| username  |
+-----------+
| blek      |
| long      |
| queen     |
| ring      |
| test1     |
| 张三      |
| 张三丰    |
| 章子怡    |
+-----------+
8 rows in set (0.00 sec)

#联合查询(去除相同的记录)

mysql> SELECT username FROM employee UNION SELECT username FROM cms_user;
+-----------+
| username  |
+-----------+
| KJKJK     |
| KKKK      |
| QUEEN     |
| blek      |
| long      |
| ring      |
| test1     |
| 张三      |
| 张三丰    |
| 章子怡    |
+-----------+
10 rows in set (0.00 sec)

#联合查询(合并所有)

mysql> SELECT username FROM employee UNION ALL SELECT username FROM cms_user;
+-----------+
| username  |
+-----------+
| KJKJK     |
| KKKK      |
| QUEEN     |
| blek      |
| long      |
| queen     |
| ring      |
| test1     |
| 张三      |
| 张三丰    |
| 章子怡    |
+-----------+
11 rows in set (0.00 sec)

```
