---
layout: post
title:  "Mysql数据库系列二"
crawlertitle: "Mysql数据库系列二"
summary: "Mysql数据库系列二"
date:   2016-09-14 23:09:47 +0700
categories: posts
tags: ['数据库','Mysql','全部文章']
author: QGUOFENG
---

Mysql数据库的使用

```bash
#开启输出日志
mysql>\T
#修改命令提示符
mysql>prompt \h~\u~\D~\d
PROMPT set to '\h~\u~\D~\d'
localhost~root~Fri Feb 10 07:57:52 2017~(none)prompt mysql>
PROMPT set to 'mysql>'

#显示当前时间
mysql>SELECT NOW();
+---------------------+
| NOW()               |
+---------------------+
| 2017-02-10 07:58:50 |
+---------------------+
1 row in set (0.00 sec)

#显示当前版本
mysql>SELECT VERSION();
+-------------------------+
| VERSION()               |
+-------------------------+
| 5.7.17-0ubuntu0.16.10.1 |
+-------------------------+
1 row in set (0.00 sec)

#通过\c取消当前命令(前提是当前命令没有使用;分号结束）
mysql>SELECT VERSION()\c

#修改分隔符
mysql>DELIMITER //
mysql>SELECT NOW();
    -> //
+---------------------+
| NOW()               |
+---------------------+
| 2017-02-10 08:00:27 |
+---------------------+
1 row in set (0.00 sec)

mysql>DELIMITER ;
mysql>SELECT NOW();
+---------------------+
| NOW()               |
+---------------------+
| 2017-02-10 08:00:58 |
+---------------------+
1 row in set (0.00 sec)

#结束输入日志
mysql>\t

#显示当前状态或配置信息
mysql>\s
mysql>status
--------------

Connection id:		14
Current database:	
Current user:		root@localhost
SSL:			Not in use
Current pager:		stdout
Using outfile:		'/home/nborn/reading_notes/python_web/mazi/mysql/note_1'
Using delimiter:	;
Server version:		5.7.17-0ubuntu0.16.10.1 (Ubuntu)
Protocol version:	10
Connection:		Localhost via UNIX socket
Server characterset:	utf8
Db     characterset:	utf8
Client characterset:	utf8
Conn.  characterset:	utf8
UNIX socket:		/var/run/mysqld/mysqld.sock
Uptime:			56 min 5 sec

Threads: 1  Questions: 34  Slow queries: 0  Opens: 107  Flush tables: 1  Open tables: 26  Queries per second avg: 0.010
--------------
##########################################################################################################################
#创建数据库
mysql>CREATE DATABASE one;
Query OK, 1 row affected (0.11 sec)

#显示所有数据库
mysql>SHOW DATABASES;
+--------------------+
| Database           |
+--------------------+
| information_schema |
| mysql              |
| one                |
| performance_schema |
| sys                |
+--------------------+
5 rows in set (0.00 sec)

#查看当前数据存放在存储器的那个位置
mysql> SHOW VARIABLES LIKE 'DATADIR';
+---------------+-----------------+
| Variable_name | Value           |
+---------------+-----------------+
| datadir       | /var/lib/mysql/ |
+---------------+-----------------+
1 row in set (0.00 sec)

#查看上一条命令的警告信息
mysql> CREATE DATABASE one;
ERROR 1007 (HY000): Can't create database 'one'; database exists
mysql> SHOW WARNINGS;
+-------+------+-------------------------------------------------------------------------------------------------------------------------------------------------------------+
| Level | Code | Message                                                                                                                                                     |
+-------+------+-------------------------------------------------------------------------------------------------------------------------------------------------------------+
| Error | 1064 | You have an error in your SQL syntax; check the manual that corresponds to your MySQL server version for the right syntax to use near 'WARININGS' at line 1 |
+-------+------+-------------------------------------------------------------------------------------------------------------------------------------------------------------+
1 row in set (0.00 sec)

#创建一个数据库，如果这个数据库存在(如果数据库已经存在不会显示警告信息)
mysql> CREATE DATABASE IF NOT EXISTS one;
Query OK, 1 row affected, 1 warning (0.00 sec)

#显示数据库
mysql> SHOW SCHEMAS;
+--------------------+
| Database           |
+--------------------+
| information_schema |
| mysql              |
| one                |
| performance_schema |
| sys                |
+--------------------+
5 rows in set (0.00 sec)

#查看创建的数据库的创建信息
mysql> SHOW CREATE DATABASE one;
+----------+--------------------------------------------------------------+
| Database | Create Database                                              |
+----------+--------------------------------------------------------------+
| one      | CREATE DATABASE `one` /*!40100 DEFAULT CHARACTER SET utf8 */ |
+----------+--------------------------------------------------------------+
1 row in set (0.00 sec)

#创建数据库，并指定其编码
mysql> CREATE DATABASE IF NOT EXISTS three DEFAULT CHARACTER SET ='GBK';
Query OK, 1 row affected (0.00 sec)

#修改已创建的数据库的编码
mysql> ALTER DATABASE six DEFAULT CHARACTER SET utf8;
Query OK, 1 row affected (0.00 sec)

mysql> SHOW CREATE DATABASE six;
+----------+--------------------------------------------------------------+
| Database | Create Database                                              |
+----------+--------------------------------------------------------------+
| six      | CREATE DATABASE `six` /*!40100 DEFAULT CHARACTER SET utf8 */ |
+----------+--------------------------------------------------------------+
1 row in set (0.00 sec)

#切换数据库
mysql> USE three
Database changed
#查看当前所在数据库名称
mysql> SELECT DATABASE();
+------------+
| DATABASE() |
+------------+
| three      |
+------------+
1 row in set (0.00 sec)

#删除数据库
mysql> DROP DATABASE IF EXISTS six;
Query OK, 0 rows affected (0.00 sec)

#查询帮助
mysql> help tinyint
Name: 'TINYINT'
Description:
TINYINT[(M)] [UNSIGNED] [ZEROFILL]

A very small integer. The signed range is -128 to 127. The unsigned
range is 0 to 255.

URL: http://dev.mysql.com/doc/refman/5.7/en/numeric-type-overview.html

mysql> help CREATE DATABASE
Name: 'CREATE DATABASE'
Description:
Syntax:
CREATE {DATABASE | SCHEMA} [IF NOT EXISTS] db_name
    [create_specification] ...

create_specification:
    [DEFAULT] CHARACTER SET [=] charset_name
  | [DEFAULT] COLLATE [=] collation_name

CREATE DATABASE creates a database with the given name. To use this
statement, you need the CREATE privilege for the database. CREATE
SCHEMA is a synonym for CREATE DATABASE.

URL: http://dev.mysql.com/doc/refman/5.7/en/create-database.html

mysql> ? INT
Name: 'INT'
Description:
INT[(M)] [UNSIGNED] [ZEROFILL]

A normal-size integer. The signed range is -2147483648 to 2147483647.
The unsigned range is 0 to 4294967295.

URL: http://dev.mysql.com/doc/refman/5.7/en/numeric-type-overview.html


mysql> \h INT
Name: 'INT'
Description:
INT[(M)] [UNSIGNED] [ZEROFILL]

A normal-size integer. The signed range is -2147483648 to 2147483647.
The unsigned range is 0 to 4294967295.

URL: http://dev.mysql.com/doc/refman/5.7/en/numeric-type-overview.html

#查看是否支持的搜索引擎
mysql> SHOW ENGINES;
+--------------------+---------+----------------------------------------------------------------+--------------+------+------------+
| Engine             | Support | Comment                                                        | Transactions | XA   | Savepoints |
+--------------------+---------+----------------------------------------------------------------+--------------+------+------------+
| InnoDB             | DEFAULT | Supports transactions, row-level locking, and foreign keys     | YES          | YES  | YES        |
| MRG_MYISAM         | YES     | Collection of identical MyISAM tables                          | NO           | NO   | NO         |
| MEMORY             | YES     | Hash based, stored in memory, useful for temporary tables      | NO           | NO   | NO         |
| BLACKHOLE          | YES     | /dev/null storage engine (anything you write to it disappears) | NO           | NO   | NO         |
| MyISAM             | YES     | MyISAM storage engine                                          | NO           | NO   | NO         |
| CSV                | YES     | CSV storage engine                                             | NO           | NO   | NO         |
| ARCHIVE            | YES     | Archive storage engine                                         | NO           | NO   | NO         |
| PERFORMANCE_SCHEMA | YES     | Performance Schema                                             | NO           | NO   | NO         |
| FEDERATED          | NO      | Federated MySQL storage engine                                 | NULL         | NULL | NULL       |
+--------------------+---------+----------------------------------------------------------------+--------------+------+------------+
9 rows in set (0.00 sec)

mysql> SHOW ENGINES\G;
*************************** 1. row ***************************
      Engine: InnoDB #搜索引擎的名称
     Support: DEFAULT #是否支持
     Comment: Supports transactions, row-level locking, and foreign keys
Transactions: YES #是否支持事务
          XA: YES
  Savepoints: YES
*************************** 2. row ***************************
      Engine: MRG_MYISAM
     Support: YES
     Comment: Collection of identical MyISAM tables
Transactions: NO
          XA: NO
  Savepoints: NO

mysql> SHOW VARIABLES LIKE 'have%';
+------------------------+----------+
| Variable_name          | Value    |
+------------------------+----------+
| have_compress          | YES      |
| have_crypt             | YES      |
| have_dynamic_loading   | YES      |
| have_geometry          | YES      |
| have_openssl           | DISABLED |
| have_profiling         | YES      |
| have_query_cache       | YES      |
| have_rtree_keys        | YES      |
| have_ssl               | DISABLED |
| have_statement_timeout | YES      |
| have_symlink           | YES      |
+------------------------+----------+
11 rows in set (0.00 sec)

#查看默认支持的搜索引擎
mysql> SHOW VARIABLES LIKE 'storage_engine';
Empty set (0.00 sec)

##########################################################################################################################

#注释
mysql> #SELECT NOW();
mysql> CREATE DATABASE IF NOT EXISTS maizi DEFAULT CHARACTER SET 'UTF8';
Query OK, 1 row affected (0.00 sec)

#在数据库maizi中添加列表
mysql> USE maizi
Database changed
mysql> -- 创建学员表（user）
mysql> -- 创建编号 id
mysql> -- 用户名 username
mysql> -- 年龄 age
mysql> -- 性别 sex
mysql> -- 邮箱 email
mysql> -- 地址 addr
mysql> -- 生日 birth
mysql> -- 薪水 salary
mysql> -- 电话 tel
mysql> -- 是否结婚 married
mysql> -- 注意，当输入中文的时候，需要临时转换客户端的编码方式   mysq>SET NAMES GBK;
mysql> -- 字段注释通过"COMMENT  注释内容 "注释字段
mysql> CREATE TABLE IF NOT EXISTS `user`(
    -> id SMALLINT,
    -> username VARCHAR(20),
    -> age TINYINT,
    -> sex ENUM('男','女','保密'),
    -> email VARCHAR(50),
    -> addr VARCHAR(200),
    -> birth YEAR,
    -> salary FLOAT(8,2),
    -> tel INT,
    -> married TINYINT(1)
    -> )ENGINE=INNODB CHARSET=UTF8;
Query OK, 0 rows affected (0.32 sec)

#显示当前数据库中的列表
mysql> SHOW TABLES;
+-----------------+
| Tables_in_maizi |
+-----------------+
| user            |
+-----------------+
1 row in set (0.00 sec)

#创建课程表
mysql> -- 创建一个课程表
mysql> -- 编号 id
mysql> -- 课程名称 courseName
mysql> -- 课程描述 courseDesc
mysql> CREATE TABLE IF NOT EXISTS course(
    -> cid TINYINT,
    -> courseName VARCHAR(50),
    -> courseDesc VARCHAR(200)
    -> );
Query OK, 0 rows affected, 1 warning (0.00 sec)

#创建新闻分类表cms_cate
mysql> -- 创建新闻分类表cms_cate
mysql> -- 编号、分类名称、分类描述
mysql> CREATE TABLE IF NOT EXISTS cms_cate(
    -> cateId TINYINT,
    -> cateCategory VARCHAR(20),
    -> cateCategoryDesc VARCHAR(100)
    -> );
Query OK, 0 rows affected, 1 warning (0.00 sec)

#创建新闻表cms_news
mysql> -- 创建新闻表cms_news
mysql> -- 编号、新闻标题、新闻内容、新闻发布时间、点击量、是否置顶、新闻所属分类、发布人
mysql> CREATE TABLE IF NOT EXISTS cms_news(
    -> newsId TINYINT,
    -> newsTitle VARCHAR(20),
    -> newsContent VARCHAR(200),
    -> newsDate DATE,
    -> newsClick TINYINT,
    -> newsTop TINYINT(1),
    -> newsCategory VARCHAR(20),
    -> newsPeople VARCHAR(10)
    -> );
Query OK, 0 rows affected, 1 warning (0.00 sec)

##########################################################################################################################

#查看列表结构
mysql> DESC cms_cate;
+----------+--------------+------+-----+---------+-------+
| Field    | Type         | Null | Key | Default | Extra |
+----------+--------------+------+-----+---------+-------+
| id       | tinyint(4)   | YES  |     | NULL    |       |
| cateName | varchar(50)  | YES  |     | NULL    |       |
| cateDesc | varchar(200) | YES  |     | NULL    |       |
+----------+--------------+------+-----+---------+-------+
3 rows in set (0.01 sec)

mysql> DESCRIBE cms_cate;
+----------+--------------+------+-----+---------+-------+
| Field    | Type         | Null | Key | Default | Extra |
+----------+--------------+------+-----+---------+-------+
| id       | tinyint(4)   | YES  |     | NULL    |       |
| cateName | varchar(50)  | YES  |     | NULL    |       |
| cateDesc | varchar(200) | YES  |     | NULL    |       |
+----------+--------------+------+-----+---------+-------+
3 rows in set (0.00 sec)

mysql> SHOW COLUMNS FROM cms_cate;
+----------+--------------+------+-----+---------+-------+
| Field    | Type         | Null | Key | Default | Extra |
+----------+--------------+------+-----+---------+-------+
| id       | tinyint(4)   | YES  |     | NULL    |       |
| cateName | varchar(50)  | YES  |     | NULL    |       |
| cateDesc | varchar(200) | YES  |     | NULL    |       |
+----------+--------------+------+-----+---------+-------+
3 rows in set (0.00 sec)

#测试整型

mysql> CREATE TABLE test1(
    -> num1 TINYINT,
    -> num2 SMALLINT,
    -> num3 MEDIUMINT, 
    -> num4 INT, 
    -> num5 BIGINT
    -> );
Query OK, 0 rows affected (0.32 sec)

mysql> DESC test1;
+-------+--------------+------+-----+---------+-------+
| Field | Type         | Null | Key | Default | Extra |
+-------+--------------+------+-----+---------+-------+
| num1  | tinyint(4)   | YES  |     | NULL    |       |
| num2  | smallint(6)  | YES  |     | NULL    |       |
| num3  | mediumint(9) | YES  |     | NULL    |       |
| num4  | int(11)      | YES  |     | NULL    |       |
| num5  | bigint(20)   | YES  |     | NULL    |       |
+-------+--------------+------+-----+---------+-------+
5 rows in set (0.00 sec)

mysql>  INSERT test1 VALUES(-128,-23768,-8388608,-2147483648,-9223372036854775808);
Query OK, 1 row affected (0.06 sec)

mysql> SELECT * FROM test1;
+------+--------+----------+-------------+----------------------+
| num1 | num2   | num3     | num4        | num5                 |
+------+--------+----------+-------------+----------------------+
| -128 | -23768 | -8388608 | -2147483648 | -9223372036854775808 |
+------+--------+----------+-------------+----------------------+
1 row in set (0.00 sec)

mysql> -- 零填充ZEROFILL

mysql> CREATE TABLE IF NOT EXISTS test2(
    -> num1 TINYINT ZEROFILL,
    -> num2 SMALLINT ZEROFILL,
    -> num3 MEDIUMINT ZEROFILL,
    -> num4 INT ZEROFILL,
    -> num5 BIGINT ZEROFILL);
Query OK, 0 rows affected, 1 warning (0.00 sec)

mysql> INSERT test2 VALUES(1,1,1,1,1);
Query OK, 1 row affected (0.07 sec)

mysql> DESC test2;
+-------+--------------------------------+------+-----+---------+-------+
| Field | Type                           | Null | Key | Default | Extra |
+-------+--------------------------------+------+-----+---------+-------+
| num1  | tinyint(3) unsigned zerofill   | YES  |     | NULL    |       |
| num2  | smallint(5) unsigned zerofill  | YES  |     | NULL    |       |
| num3  | mediumint(8) unsigned zerofill | YES  |     | NULL    |       |
| num4  | int(10) unsigned zerofill      | YES  |     | NULL    |       |
| num5  | bigint(20) unsigned zerofill   | YES  |     | NULL    |       |
+-------+--------------------------------+------+-----+---------+-------+
5 rows in set (0.00 sec)

mysql> SELECT * FROM test2;
+------+-------+----------+------------+----------------------+
| num1 | num2  | num3     | num4       | num5                 |
+------+-------+----------+------------+----------------------+
|  001 | 00001 | 00000001 | 0000000001 | 00000000000000000001 |
+------+-------+----------+------------+----------------------+
1 row in set (0.00 sec)

#测试浮点类型
mysql> -- 测试浮点类型
mysql> CREATE TABLE test4(
    -> num1 FLOAT(6,2),
    -> num2 DOUBLE(6,2),
    -> num3 DECIMAL(6,2));
Query OK, 0 rows affected (0.30 sec)

mysql> INSERT test4 VALUES(3.1,3.1,3.1);
Query OK, 1 row affected (0.06 sec)

#查询信息
mysql> INSERT test4 VALUES(3.14,3.14,3.15);
Query OK, 1 row affected (0.07 sec)

mysql> SELECT * FROM test4;
+------+------+------+
| num1 | num2 | num3 |
+------+------+------+
| 3.10 | 3.10 | 3.10 |
| 3.14 | 3.14 | 3.15 |
+------+------+------+
2 rows in set (0.00 sec)
##########################################################################################################################

#测试CHAR和VARCHAR
mysql> -- 测试CHAR 和VARCHAR
mysql> CREATE TABLE IF NOT EXISTS test5(
    -> str1 CHAR(5),
    -> str2 VARCHAR(5)
    -> );
Query OK, 0 rows affected (0.45 sec)

mysql> INSERT test5 VALUES('1','1');
Query OK, 1 row affected (0.05 sec)

mysql> DESC test5;
+-------+------------+------+-----+---------+-------+
| Field | Type       | Null | Key | Default | Extra |
+-------+------------+------+-----+---------+-------+
| str1  | char(5)    | YES  |     | NULL    |       |
| str2  | varchar(5) | YES  |     | NULL    |       |
+-------+------------+------+-----+---------+-------+
2 rows in set (0.00 sec)

mysql> SELECT * FROM test5;
+------+------+
| str1 | str2 |
+------+------+
| 1    | 1    |
+------+------+
1 row in set (0.00 sec)

mysql> INSERT test5 VALUES('12345','12345');
Query OK, 1 row affected (0.12 sec)

mysql> SELECT * FROM test5;
+-------+-------+
| str1  | str2  |
+-------+-------+
| 1     | 1     |
| 12345 | 12345 |
+-------+-------+
2 rows in set (0.00 sec)

mysql> INSERT test5 VALUES('','');
Query OK, 1 row affected (0.07 sec)

mysql> SELECT * FROM test5;
+-------+-------+
| str1  | str2  |
+-------+-------+
| 1     | 1     |
| 12345 | 12345 |
|       |       |
+-------+-------+
3 rows in set (0.00 sec)

mysql> INSERT test5 VALUES('1  ','1  ');
Query OK, 1 row affected (0.11 sec)

mysql> SELECT CONCAT(str1,'-'),CONCAT(str2,'-') FROM test5;
+------------------+------------------+
| CONCAT(str1,'-') | CONCAT(str2,'-') |
+------------------+------------------+
| 1-               | 1-               |
| 12345-           | 12345-           |
| -                | -                |
| 1-               | 1  -             |
+------------------+------------------+
4 rows in set (0.01 sec)

mysql> INSERT test5 VALUES('  a','  a');
Query OK, 1 row affected (0.06 sec)

mysql> SELECT CONCAT('-',str1),CONCAT('-',str2) FROM test5;
+------------------+------------------+
| CONCAT('-',str1) | CONCAT('-',str2) |
+------------------+------------------+
| -1               | -1               |
| -12345           | -12345           |
| -                | -                |
| -1               | -1               |
| -  a             | -  a             |
+------------------+------------------+
5 rows in set (0.00 sec)

#中文所占字节和字符数
mysql> SELECT LENGTH('啊');

+---------------+
| LENGTH('啊')  |
+---------------+
|             3 |
+---------------+
1 row in set (0.00 sec)

mysql> SELECT CHAR_LENGTH('啊');

+--------------------+
| CHAR_LENGTH('啊')  |
+--------------------+
|                  1 |
+--------------------+
1 row in set (0.00 sec)
#测试TEXT
mysql> -- 测试TEXT

mysql> CREATE TABLE IF NOT EXISTS test6(
    -> str1 TEXT
    -> );
Query OK, 0 rows affected (0.31 sec)

mysql> INSERT test6  VALUES(' 萨达发上来宽度发几凯瑟琳的发几上看到来发几上来看的f');

Query OK, 1 row affected (0.07 sec)

mysql> DESC test6;
+-------+------+------+-----+---------+-------+
| Field | Type | Null | Key | Default | Extra |
+-------+------+------+-----+---------+-------+
| str1  | text | YES  |     | NULL    |       |
+-------+------+------+-----+---------+-------+
1 row in set (0.00 sec)

mysql> SELECT * FROM test6;
+-------------------------------------------------------------------------------+
| str1                                                                          |
+-------------------------------------------------------------------------------+
|  萨达发上来宽度发几凯瑟琳的发几上看到来发几上来看的f                          |
+-------------------------------------------------------------------------------+
1 row in set (0.00 sec)
#测试枚举类型
mysql> -- 测试枚举类型
mysql> CREATE TABLE IF NOT EXISTS test7(
    -> sex ENUM('男','女','保密')
    -> );
Query OK, 0 rows affected (0.33 sec)
mysql> INSERT test7 VALUES('男');
Query OK, 1 row affected (0.04 sec)
mysql> INSERT test7 VALUES('女');
Query OK, 1 row affected (0.04 sec)
mysql> INSERT test7 VALUES('保密');
Query OK, 1 row affected (0.07 sec)
mysql> SELECT * FROM test7;
+--------+
| sex    |
+--------+
| 男     |
| 女     |
| 保密   |
+--------+
3 rows in set (0.00 sec)

mysql> INSERT test7 VALUES('保密1');
ERROR 1265 (01000): Data truncated for column 'sex' at row 1
mysql> SELECT * FROM test7;
+--------+
| sex    |
+--------+
| 男     |
| 女     |
| 保密   |
+--------+
3 rows in set (0.00 sec)

mysql> INSERT test7 VALUES(2);
Query OK, 1 row affected (0.06 sec)

mysql> SELECT * FROM test7;
+--------+
| sex    |
+--------+
| 男     |
| 女     |
| 保密   |
| 女     |
+--------+
4 rows in set (0.00 sec)

mysql> INSERT test7 VALUES(NULL);
Query OK, 1 row affected (0.05 sec)

mysql> SELECT * FROM tests7;
ERROR 1146 (42S02): Table 'maizi.tests7' doesn't exist
mysql> SELECT * FROM test7;
+--------+
| sex    |
+--------+
| 男     |
| 女     |
| 保密   |
| 女     |
| NULL   |
+--------+
5 rows in set (0.00 sec)


#测试集合类型
mysql> -- 测试集合类型

mysql> CREATE TABLE IF NOT EXISTS test8(
    -> fav SET('A','B','C','D')
    -> );
Query OK, 0 rows affected (0.31 sec)

mysql> INSERT test8 VALUES('A,C,D');
Query OK, 1 row affected (0.07 sec)

mysql> INSERT test8 VALUES('D,B,A');
Query OK, 1 row affected (0.04 sec)

mysql> SELECT * FROM test8;
+-------+
| fav   |
+-------+
| A,C,D |
| A,B,D |
+-------+
2 rows in set (0.00 sec)


#测试YEAR类型
mysql> -- 测试YEAR类型

mysql> CREATE TABLE IF NOT EXISTS test9(
    -> birth YEAR
    -> );
Query OK, 0 rows affected (0.31 sec)

mysql> 
mysql> INSERT test9 VALUES(1901);
Query OK, 1 row affected (0.05 sec)

mysql> INSERT test9 VALUES(2155);
Query OK, 1 row affected (0.11 sec)

mysql> SELECT * FROM test9;
+-------+
| birth |
+-------+
|  1901 |
|  2155 |
+-------+
2 rows in set (0.00 sec)

#测试TIME
mysql> -- 测试TIME

mysql> CREATE TABLE IF NOT EXISTS test10(
    -> test TIME
    -> );
Query OK, 0 rows affected (0.33 sec)

mysql> INSERT test10 VALUEs('1 12:12:12');
Query OK, 1 row affected (0.06 sec)

mysql> SELECT * FROM test9;
+-------+
| birth |
+-------+
|  1901 |
|  2155 |
+-------+
2 rows in set (0.00 sec)

mysql> SELECT * FROM test10;
+----------+
| test     |
+----------+
| 36:12:12 |
+----------+
1 row in set (0.00 sec)

mysql> INSERT test10 VALUEs('11:11');
Query OK, 1 row affected (0.06 sec)

mysql> INSERT test10 VALUEs('1234');
Query OK, 1 row affected (0.08 sec)

mysql> SELECT * FROM test10;
+----------+
| test     |
+----------+
| 36:12:12 |
| 11:11:00 |
| 00:12:34 |
+----------+
3 rows in set (0.00 sec)

mysql> INSERT test10 VALUEs('12');
Query OK, 1 row affected (0.06 sec)

mysql> SELECT * FROM test10;
+----------+
| test     |
+----------+
| 36:12:12 |
| 11:11:00 |
| 00:12:34 |
| 00:00:12 |
+----------+
4 rows in set (0.00 sec)

#测试DATE
mysql> -- 测试DATE

mysql> CREATE TABLE IF NOT EXISTS test11(
    -> test DATE
    -> );
Query OK, 0 rows affected (0.37 sec)

mysql> INSERT test11 VALUES('12-6-7');
Query OK, 1 row affected (0.05 sec)

mysql> SELECT * FROM test11;
+------------+
| test       |
+------------+
| 2012-06-07 |
+------------+
1 row in set (0.00 sec)

##########################################################################################################################

#测试主键
mysql> -- 测试主键
mysql> CREATE TABLE IF NOT EXISTS user1(
    -> id INT PRIMARY KEY,
    -> username VARCHAR(20)
    -> );
Query OK, 0 rows affected (0.34 sec)

mysql> DESC user1;
+----------+-------------+------+-----+---------+-------+
| Field    | Type        | Null | Key | Default | Extra |
+----------+-------------+------+-----+---------+-------+
| id       | int(11)     | NO   | PRI | NULL    |       |
| username | varchar(20) | YES  |     | NULL    |       |
+----------+-------------+------+-----+---------+-------+
2 rows in set (0.00 sec)


#查看创建表的标的定义
mysql> -- 查看创建表的标的定义

mysql> SHOW CREATE TABLE user1;
+-------+--------------------------------------------------------------------------------------------------------------------------------------------------+
| Table | Create Table                                                                                                                                     |
+-------+--------------------------------------------------------------------------------------------------------------------------------------------------+
| user1 | CREATE TABLE `user1` (
  `id` int(11) NOT NULL,
  `username` varchar(20) DEFAULT NULL,
  PRIMARY KEY (`id`)
) ENGINE=InnoDB DEFAULT CHARSET=utf8 |
+-------+--------------------------------------------------------------------------------------------------------------------------------------------------+
1 row in set (0.00 sec)

mysql> INSERT user1 VALUES(1,'KING');
Query OK, 1 row affected (0.06 sec)

mysql> INSERT user1 VALUES(2,'QUEEN');
Query OK, 1 row affected (0.04 sec)

mysql> SELECT * FROM user1;
+----+----------+
| id | username |
+----+----------+
|  1 | KING     |
|  2 | QUEEN    |
+----+----------+
2 rows in set (0.00 sec)

#复合主键
mysql> CREATE TABLE IF NOT EXISTS user2(
    -> id INT,
    -> username VARCHAR(20),
    -> card CHAR(18),
    -> PRIMARY KEY(id,card)
    -> );
Query OK, 0 rows affected (0.42 sec)

mysql> DESC user2;
+----------+-------------+------+-----+---------+-------+
| Field    | Type        | Null | Key | Default | Extra |
+----------+-------------+------+-----+---------+-------+
| id       | int(11)     | NO   | PRI | NULL    |       |
| username | varchar(20) | YES  |     | NULL    |       |
| card     | char(18)    | NO   | PRI | NULL    |       |
+----------+-------------+------+-----+---------+-------+
3 rows in set (0.01 sec)

mysql> SHOW CREATE TABLE user2;
+-------+-------------------------------------------------------------------------------------------------------------------------------------------------------------------------------------+
| Table | Create Table                                                                                                                                                                        |
+-------+-------------------------------------------------------------------------------------------------------------------------------------------------------------------------------------+
| user2 | CREATE TABLE `user2` (
  `id` int(11) NOT NULL,
  `username` varchar(20) DEFAULT NULL,
  `card` char(18) NOT NULL,
  PRIMARY KEY (`id`,`card`)
) ENGINE=InnoDB DEFAULT CHARSET=utf8 |
+-------+-------------------------------------------------------------------------------------------------------------------------------------------------------------------------------------+
1 row in set (0.00 sec)

mysql> INSERT user2 VALUES(1,'KING','111');
Query OK, 1 row affected (0.07 sec)

mysql> INSERT user2 VALUES(1,'QUEEN','112');
Query OK, 1 row affected (0.04 sec)

mysql> SELECT * FROM user2;
+----+----------+------+
| id | username | card |
+----+----------+------+
|  1 | KING     | 111  |
|  1 | QUEEN    | 112  |
+----+----------+------+
2 rows in set (0.00 sec)

#测试自增长AUTO_INCREMENT
mysql> -- 测试AUTO_INCREMENT

mysql> CREATE TABLE IF NOT EXISTS user3(
    -> id SMALLINT KEY AUTO_INCREMENT,
    -> username VARCHAR(20)
    -> );
Query OK, 0 rows affected (0.37 sec)

mysql> SELECT * FROM user3;
Empty set (0.00 sec)

mysql> DESC user3;
+----------+-------------+------+-----+---------+----------------+
| Field    | Type        | Null | Key | Default | Extra          |
+----------+-------------+------+-----+---------+----------------+
| id       | smallint(6) | NO   | PRI | NULL    | auto_increment |
| username | varchar(20) | YES  |     | NULL    |                |
+----------+-------------+------+-----+---------+----------------+
2 rows in set (0.00 sec)

mysql> INSERT user3 VALUES(1,'KING');
Query OK, 1 row affected (0.06 sec)

mysql> INSERT user3(username) VALUES('QUEEN');
Query OK, 1 row affected (0.08 sec)

mysql> SELECT * FROM user3;
+----+----------+
| id | username |
+----+----------+
|  1 | KING     |
|  2 | QUEEN    |
+----+----------+
2 rows in set (0.00 sec)

mysql> INSERT user3 VALUES(111,'HAHAH');
Query OK, 1 row affected (0.11 sec)

mysql> SELECT * FROM user3;
+-----+----------+
| id  | username |
+-----+----------+
|   1 | KING     |
|   2 | QUEEN    |
| 111 | HAHAH    |
+-----+----------+
3 rows in set (0.00 sec)

mysql> INSERT user3(username) VALUES('QUEEN111');
Query OK, 1 row affected (0.07 sec)

mysql> SELECT * FROM user3;
+-----+----------+
| id  | username |
+-----+----------+
|   1 | KING     |
|   2 | QUEEN    |
| 111 | HAHAH    |
| 112 | QUEEN111 |
+-----+----------+
4 rows in set (0.00 sec)

#自定义开始的自增长
mysql> CREATE TABLE IF NOT EXISTS user4(
    -> id SMALLINT KEY AUTO_INCREMENT,
    -> username VARCHAR(20)
    -> )AUTO_INCREMENT=100;
Query OK, 0 rows affected (0.38 sec)

mysql> INSERT user4(username) VALUES('QUEEN');
Query OK, 1 row affected (0.08 sec)

mysql> SELECT * FROM user4;
+-----+----------+
| id  | username |
+-----+----------+
| 100 | QUEEN    |
+-----+----------+
1 row in set (0.00 sec)

mysql> SHOW CREATE TABLE user4;
+-------+----------------------------------------------------------------------------------------------------------------------------------------------------------------------------------------+
| Table | Create Table                                                                                                                                                                           |
+-------+----------------------------------------------------------------------------------------------------------------------------------------------------------------------------------------+
| user4 | CREATE TABLE `user4` (
  `id` smallint(6) NOT NULL AUTO_INCREMENT,
  `username` varchar(20) DEFAULT NULL,
  PRIMARY KEY (`id`)
) ENGINE=InnoDB AUTO_INCREMENT=101 DEFAULT CHARSET=utf8 |
+-------+----------------------------------------------------------------------------------------------------------------------------------------------------------------------------------------+
1 row in set (0.00 sec)

#修改自增长的值
mysql> --修改自增长的值
mysql> ALTER TABLE user4 AUTO_INCREMENT =500;
Query OK, 0 rows affected (0.06 sec)
Records: 0  Duplicates: 0  Warnings: 0

mysql> SHOW CREATE TABLE user4;
+-------+----------------------------------------------------------------------------------------------------------------------------------------------------------------------------------------+
| Table | Create Table                                                                                                                                                                           |
+-------+----------------------------------------------------------------------------------------------------------------------------------------------------------------------------------------+
| user4 | CREATE TABLE `user4` (
  `id` smallint(6) NOT NULL AUTO_INCREMENT,
  `username` varchar(20) DEFAULT NULL,
  PRIMARY KEY (`id`)
) ENGINE=InnoDB AUTO_INCREMENT=500 DEFAULT CHARSET=utf8 |
+-------+----------------------------------------------------------------------------------------------------------------------------------------------------------------------------------------+
1 row in set (0.00 sec)

########################################################################################################

#测试NOT NULL
mysql> -- 测试NOT NULL
mysql> CREATE TABLE IF NOT EXISTS user5(
    -> id INT UNSIGNED KEY AUTO_INCREMENT,
    -> username VARCHAR(20) NOT NULL,
    -> password CHAR(32) NOT NULL,
    -> age TINYINT UNSIGNED
    -> );
Query OK, 0 rows affected (0.42 sec)

mysql> DESC user5;
+----------+---------------------+------+-----+---------+----------------+
| Field    | Type                | Null | Key | Default | Extra          |
+----------+---------------------+------+-----+---------+----------------+
| id       | int(10) unsigned    | NO   | PRI | NULL    | auto_increment |
| username | varchar(20)         | NO   |     | NULL    |                |
| password | char(32)            | NO   |     | NULL    |                |
| age      | tinyint(3) unsigned | YES  |     | NULL    |                |
+----------+---------------------+------+-----+---------+----------------+
4 rows in set (0.00 sec)

mysql> INSERT user5(username,password) VALUES('KINGS','KINGSS');
Query OK, 1 row affected (0.06 sec)

mysql> INSERT user5(username,password,age) VALUES('QUEEN','QUEENS',20);
Query OK, 1 row affected (0.04 sec)

mysql> SELECT * FROM user5;
+----+----------+----------+------+
| id | username | password | age  |
+----+----------+----------+------+
|  1 | KINGS    | KINGSS   | NULL |
|  2 | QUEEN    | QUEENS   |   20 |
+----+----------+----------+------+
2 rows in set (0.00 sec)

#测试DEFAULT
mysql> CREATE TABLE IF NOT EXISTS user6(
    -> id INT UNSIGNED KEY AUTO_INCREMENT,
    -> username VARCHAR(20) NOT NULL,
    -> password CHAR(32) NOT NULL,
    -> age TINYINT UNSIGNED DEFAULT 18,
    -> addr VARCHAR(50) NOT NULL DEFAULT '北京',
    -> sex ENUM('男','女','保密') NOT NULL DEFAULT '男'
    -> );
Query OK, 0 rows affected (0.30 sec)

mysql> DESC user6;
+----------+----------------------------+------+-----+---------+----------------+
| Field    | Type                       | Null | Key | Default | Extra          |
+----------+----------------------------+------+-----+---------+----------------+
| id       | int(10) unsigned           | NO   | PRI | NULL    | auto_increment |
| username | varchar(20)                | NO   |     | NULL    |                |
| password | char(32)                   | NO   |     | NULL    |                |
| age      | tinyint(3) unsigned        | YES  |     | 18      |                |
| addr     | varchar(50)                | NO   |     | 北京    |                |
| sex      | enum('男','女','保密')     | NO   |     | 男      |                |
+----------+----------------------------+------+-----+---------+----------------+
6 rows in set (0.01 sec)

mysql> INSERT user6(username,password) VALUES('KINGS','KINGS');
Query OK, 1 row affected (0.05 sec)

mysql> SELECT * FROM user6;
+----+----------+----------+------+--------+-----+
| id | username | password | age  | addr   | sex |
+----+----------+----------+------+--------+-----+
|  1 | KINGS    | KINGS    |   18 | 北京   | 男  |
+----+----------+----------+------+--------+-----+
1 row in set (0.00 sec)

mysql> INSERT user6 VALUES(2,'QUEEN','QUEEN',29,'上海','保密');

Query OK, 1 row affected (0.07 sec)

mysql> SELECT * FROM user6;
+----+----------+----------+------+--------+--------+
| id | username | password | age  | addr   | sex    |
+----+----------+----------+------+--------+--------+
|  1 | KINGS    | KINGS    |   18 | 北京   | 男     |
|  2 | QUEEN    | QUEEN    |   29 | 上海   | 保密   |
+----+----------+----------+------+--------+--------+
2 rows in set (0.01 sec)

mysql> INSERT user6 VALUES(3,'QUEEN','QUEEN',DEFAULT,DEFAULT,'保密');

Query OK, 1 row affected (0.06 sec)

mysql> SELECT * FROM user6;
+----+----------+----------+------+--------+--------+
| id | username | password | age  | addr   | sex    |
+----+----------+----------+------+--------+--------+
|  1 | KINGS    | KINGS    |   18 | 北京   | 男     |
|  2 | QUEEN    | QUEEN    |   29 | 上海   | 保密   |
|  3 | QUEEN    | QUEEN    |   18 | 北京   | 保密   |
+----+----------+----------+------+--------+--------+
3 rows in set (0.00 sec)
###############################################################################################

#测试UNIQUE KEY
mysql> -- 测试唯一UNIQUE KEY

mysql> CREATE TABLE IF NOT EXISTS user9(
    -> username VARCHAR(20) NOT NULL UNIQUE,
    -> card CHAR(19) UNIQUE
    -> );
Query OK, 0 rows affected (0.39 sec)

mysql> DESC user9;
+----------+-------------+------+-----+---------+-------+
| Field    | Type        | Null | Key | Default | Extra |
+----------+-------------+------+-----+---------+-------+
| username | varchar(20) | NO   | PRI | NULL    |       |
| card     | char(19)    | YES  | UNI | NULL    |       |
+----------+-------------+------+-----+---------+-------+
2 rows in set (0.00 sec)

mysql> SHOW CREATE TABLE user9;
+-------+---------------------------------------------------------------------------------------------------------------------------------------------------------------------------------------------------+
| Table | Create Table                                                                                                                                                                                      |
+-------+---------------------------------------------------------------------------------------------------------------------------------------------------------------------------------------------------+
| user9 | CREATE TABLE `user9` (
  `username` varchar(20) NOT NULL,
  `card` char(19) DEFAULT NULL,
  UNIQUE KEY `username` (`username`),
  UNIQUE KEY `card` (`card`)
) ENGINE=InnoDB DEFAULT CHARSET=utf8 |
+-------+---------------------------------------------------------------------------------------------------------------------------------------------------------------------------------------------------+
1 row in set (0.00 sec)

mysql> INSERT user9(username) VALUES('A');
Query OK, 1 row affected (0.06 sec)

mysql> SELECT * FROM user9;
+----------+------+
| username | card |
+----------+------+
| A        | NULL |
+----------+------+
1 row in set (0.01 sec)

mysql> INSERT user9(username) VALUES('A1');
Query OK, 1 row affected (0.06 sec)

mysql> SELECT * FROM user9;
+----------+------+
| username | card |
+----------+------+
| A        | NULL |
| A1       | NULL |
+----------+------+
2 rows in set (0.00 sec)

mysql> SELECT * FROM user9;
+----------+------+
| username | card |
+----------+------+
| A        | NULL |
| A1       | NULL |
+----------+------+
2 rows in set (0.00 sec)

mysql> INSERT user9(username) VALUES('A1');
ERROR 1062 (23000): Duplicate entry 'A1' for key 'username'
mysql> INSERT user9(username,card) VALUES('B','111');
Query OK, 1 row affected (0.06 sec)

mysql> INSERT user9(username,card) VALUES('B1',NULL);
Query OK, 1 row affected (0.04 sec)

mysql> INSERT user9(username,card) VALUES('B2',NULL);
Query OK, 1 row affected (0.09 sec)

mysql> SELECT * FROM user9;
+----------+------+
| username | card |
+----------+------+
| A        | NULL |
| A1       | NULL |
| B1       | NULL |
| B2       | NULL |
| B        | 111  |
+----------+------+
5 rows in set (0.00 sec)
```
